<select class="input-validation-error" data-val="true" data-val-required="The RequiredNullableBoolean field is required." id="RequiredNullableBoolean" name="RequiredNullableBoolean" required="required">
  <option selected="selected" value=""></option>
  <option value="true">Yes</option>
  <option value="false">No</option>
</select>