<select class="input-validation-error" data-val="true" data-val-required="The RequiredBoolean field is required." id="RequiredBoolean" name="RequiredBoolean" required="required">
  <option selected="selected" value="true">Yes</option>
  <option value="false">No</option>
</select>