<input class="input-validation-error" data-val="true" data-val-required="The RequiredBoolean field is required." id="RequiredBoolean" name="RequiredBoolean" required="required" type="checkbox" value="true" />