<ul>
  <li>
    <input class="input-validation-error" data-val="true" data-val-required="The RequiredNullableBoolean field is required." id="RequiredNullableBoolean_1" name="RequiredNullableBoolean" required="required" type="radio" value="true" />
    <label for="RequiredNullableBoolean_1">Yes</label>
  </li>
  <li>
    <input class="input-validation-error" id="RequiredNullableBoolean_2" name="RequiredNullableBoolean" required="required" type="radio" value="false" />
    <label for="RequiredNullableBoolean_2">No</label>
  </li>
</ul>