<ul>
  <li>
    <input class="input-validation-error" data-val="true" data-val-required="The RequiredBoolean field is required." id="RequiredBoolean_1" name="RequiredBoolean" required="required" type="radio" value="true" />
    <label for="RequiredBoolean_1">Yes</label>
  </li>
  <li>
    <input checked="checked" class="input-validation-error" id="RequiredBoolean_2" name="RequiredBoolean" required="required" type="radio" value="false" />
    <label for="RequiredBoolean_2">No</label>
  </li>
</ul>