<input class="input-validation-error" data-attr="value" data-val="true" data-val-date="The field DateTimeWithFormat must be a date with format d/M/yyyy." data-val-format="d/M/yyyy" data-val-required="The DateTimeWithFormat field is required." id="DateTimeWithFormat" name="DateTimeWithFormat" required="required" type="text" value="1/1/0001" />