<input class="input-validation-error" data-attr="value" data-val="true" data-val-date="The field DateTimeWithGFormat must be a date with format dd.MM.yyyy H:mm." data-val-format="dd.MM.yyyy H:mm" data-val-required="The DateTimeWithGFormat field is required." id="DateTimeWithGFormat" name="DateTimeWithGFormat" required="required" type="text" value="01.01.0001 0:00" />