<input class="input-validation-error" data-attr="value" data-val="true" data-val-required="The DateTime field is required." id="DateTime" name="DateTime" required="required" type="text" value="1/01/0001 12:00:00 AM" />