<select class="input-validation-error" data-attr="value" data-val="true" data-val-required="The RequiredEnum field is required." id="RequiredEnum" name="RequiredEnum" required="required">
  <option value="ValueWithDescriptionAttribute">Description attr text</option>
  <option value="ValueWithMultpipleWordsAndNoDescriptionAttribute">Value with multpiple words and no description attribute</option>
</select>