<ul>
  <li>
    <input checked="checked" class="input-validation-error" data-attr="value" data-val="true" data-val-required="The RequiredChildEnum field is required." id="Child_RequiredChildEnum_1" name="Child.RequiredChildEnum" required="required" type="radio" value="Simplevalue" />
    <label for="Child_RequiredChildEnum_1">Simplevalue</label>
  </li>
  <li>
    <input class="input-validation-error" data-attr="value" id="Child_RequiredChildEnum_2" name="Child.RequiredChildEnum" required="required" type="radio" value="ValueWithDescriptionAttribute" />
    <label for="Child_RequiredChildEnum_2">Description attr text</label>
  </li>
  <li>
    <input class="input-validation-error" data-attr="value" id="Child_RequiredChildEnum_3" name="Child.RequiredChildEnum" required="required" type="radio" value="ValueWithMultpipleWordsAndNoDescriptionAttribute" />
    <label for="Child_RequiredChildEnum_3">Value with multpiple words and no description attribute</label>
  </li>
</ul>