<select class="input-validation-error" data-attr="value" data-val="true" data-val-required="The RequiredNullableEnumList field is required." id="RequiredNullableEnumList" multiple="multiple" name="RequiredNullableEnumList" required="required">
  <option value="Simplevalue">Simplevalue</option>
  <option value="ValueWithDescriptionAttribute">Description attr text</option>
  <option value="ValueWithMultpipleWordsAndNoDescriptionAttribute">Value with multpiple words and no description attribute</option>
</select>