<select class="input-validation-error" data-attr="value" data-val="true" data-val-required="The RequiredNullableEnum field is required." id="RequiredNullableEnum" name="RequiredNullableEnum" required="required">
  <option selected="selected" value=""></option>
  <option value="Simplevalue">Simplevalue</option>
  <option value="ValueWithDescriptionAttribute">Description attr text</option>
  <option value="ValueWithMultpipleWordsAndNoDescriptionAttribute">Value with multpiple words and no description attribute</option>
</select>