<select class="input-validation-error" data-attr="value" data-val="true" data-val-required="The RequiredNullableFlagsEnum field is required." id="RequiredNullableFlagsEnum" multiple="multiple" name="RequiredNullableFlagsEnum" required="required">
  <option value="Simplevalue">Simplevalue</option>
  <option value="ValueWithDescriptionAttribute">Description attr text</option>
  <option value="ValueWithMultpipleWordsAndNoDescriptionAttribute">Value with multpiple words and no description attribute</option>
</select>