<select class="input-validation-error" data-attr="value" data-val="true" data-val-required="The RequiredFlagsEnum field is required." id="RequiredFlagsEnum" multiple="multiple" name="RequiredFlagsEnum" required="required">
  <option selected="selected" value="Simplevalue">Simplevalue</option>
  <option selected="selected" value="ValueWithDescriptionAttribute">Description attr text</option>
  <option value="ValueWithMultpipleWordsAndNoDescriptionAttribute">Value with multpiple words and no description attribute</option>
</select>