<textarea class="input-validation-error" cols="60" data-attr="value" id="Textarea" name="Textarea" rows="5"></textarea>