<input class="input-validation-error" data-attr="value" id="UrlAsString" name="UrlAsString" type="url" value="" />