<input class="input-validation-error" data-attr="value" id="UrlAsUri" name="UrlAsUri" type="url" value="" />