<select class="input-validation-error" data-val="true" data-val-number="The field OptionalIntListId must be a number." id="OptionalIntListId" name="OptionalIntListId">
  <option selected="selected" value="">-- Select Item</option>
  <option value="1">A</option>
  <option value="2">B</option>
</select>