<select class="input-validation-error" data-val="true" data-val-number="The field RequiredNullableIntListId must be a number." data-val-required="The RequiredNullableIntListId field is required." id="RequiredNullableIntListId" name="RequiredNullableIntListId" required="required">
  <option selected="selected" value=""></option>
  <option value="1">A</option>
  <option value="2">B</option>
</select>