<ul>
  <li>
    <input class="input-validation-error" data-val="true" data-val-required="The RequiredStringListId field is required." id="RequiredStringListId_1" name="RequiredStringListId" required="required" type="radio" value="1" />
    <label for="RequiredStringListId_1">A</label>
  </li>
  <li>
    <input class="input-validation-error" id="RequiredStringListId_2" name="RequiredStringListId" required="required" type="radio" value="2" />
    <label for="RequiredStringListId_2">B</label>
  </li>
</ul>