<input class="input-validation-error" data-val="true" data-val-number="The field IntWithRange must be a number." data-val-range="The field IntWithRange must be between 1 and 10." data-val-range-max="10" data-val-range-min="1" data-val-required="The IntWithRange field is required." id="IntWithRange" max="10" min="1" name="IntWithRange" required="required" type="number" value="0" />