<input class="input-validation-error" data-val="true" data-val-required="The IntField field is required." id="IntField" name="IntField" required="required" step="1" type="number" value="0" />