<input class="input-validation-error" data-val="true" data-val-required="The UshortField field is required." id="UshortField" max="65535" min="0" name="UshortField" required="required" step="1" type="number" value="0" />