<input class="input-validation-error" data-val="true" data-val-number="The field ByteField must be a number." data-val-required="The ByteField field is required." id="ByteField" max="255" min="0" name="ByteField" required="required" step="1" type="number" value="0" />