<input class="input-validation-error" data-val="true" data-val-required="The UintField field is required." id="UintField" min="0" name="UintField" step="1" type="number" value="0" />