<input class="input-validation-error" data-val="true" data-val-required="The ShortField field is required." id="ShortField" max="32767" min="-32768" name="ShortField" required="required" step="1" type="number" value="0" />