<input class="input-validation-error" data-val="true" data-val-number="The field FloatField must be a number." data-val-required="The FloatField field is required." id="FloatField" name="FloatField" required="required" step="any" type="number" value="0" />