<input class="input-validation-error" data-val="true" data-val-number="The field Decimal must be a number." data-val-required="The Decimal field is required." id="Decimal" name="Decimal" required="required" type="number" value="1.20" />