<input class="input-validation-error" data-val="true" data-val-number="The field DecimalWithFormatStringAttribute must be a number." data-val-required="The DecimalWithFormatStringAttribute field is required." id="DecimalWithFormatStringAttribute" name="DecimalWithFormatStringAttribute" required="required" step="any" type="number" value="1.200" />