<input class="input-validation-error" data-val="true" data-val-required="The SbyteField field is required." id="SbyteField" max="127" min="-128" name="SbyteField" step="1" type="number" value="0" />