<input class="input-validation-error" data-val="true" data-val-number="The field DecimalField must be a number." data-val-required="The DecimalField field is required." id="DecimalField" name="DecimalField" required="required" step="any" type="number" value="0" />