<input class="input-validation-error" data-val="true" data-val-number="The field ByteField must be a number." data-val-required="The ByteField field is required." id="ByteField" max="10" min="2" name="ByteField" required="required" step="2" type="number" value="0" />