<input class="input-validation-error" data-val="true" data-val-required="The UlongField field is required." id="UlongField" min="0" name="UlongField" required="required" step="1" type="number" value="0" />