<input class="input-validation-error" data-val="true" data-val-number="The field DoubleField must be a number." data-val-required="The DoubleField field is required." id="DoubleField" name="DoubleField" required="required" type="number" value="0" />