            <div class="form-group has-error">
labelhtml<em class="required" title="Required">&lowast;</em>
            <2><1>elementhtml<3><4>
            <div class="help-block form-hint"><hint></div> validationhtml
            </div>
