            <div class="form-group has-error">
labelhtml            <2><1>elementhtml<3><4>
            <div class="help-block form-hint"><hint></div> validationhtml
            </div>
