            <div class="form-group has-error">
labelhtml            <div class="input-group">
            <div class="input-group-addon"><2></div><div class="input-group-addon"><1></div>elementhtml<div class="input-group-addon"><3></div><div class="input-group-addon"><4></div><div class="input-group-addon required"><em class="required" title="Required">&lowast;</em>

</div>
            </div>
            <div class="help-block form-hint"><hint></div> validationhtml
            </div>
