<form action="/" method="post" novalidate="novalidate">