            <dt><label for="NullableDateTime">NullableDateTime</label></dt>
            <dd>
                <input aria-describedby="NullableDateTime--Hint" data-val="true" data-val-date="The field NullableDateTime must be a date." id="NullableDateTime" name="NullableDateTime" type="text" value="" /><div class="hint" id="NullableDateTime--Hint">A hint</div> <span class="field-validation-valid" data-valmsg-for="NullableDateTime" data-valmsg-replace="true"></span>
            </dd>
