            <dt>labelhtml</dt>
            <dd>
                elementhtml<div class="hint" id="HintId">hello</div> validationhtml
            </dd>
