<form action="/" data-attr="value" enctype="multipart/form-data" method="post" novalidate="novalidate">